2023/11/22 03:04:13 [emerg] 1#1: unknown directive "ssl" in /etc/nginx/nginx.conf:74
2023/11/22 03:07:29 [error] 23#23: *1 "/usr/local/dist/index.html" is not found (2: No such file or directory), client: 89.213.179.18, server: _, request: "GET / HTTP/1.1", host: "59.110.52.104"
2023/11/22 03:07:29 [error] 23#23: *1 open() "/usr/local/dist/404.html" failed (2: No such file or directory), client: 89.213.179.18, server: _, request: "GET / HTTP/1.1", host: "59.110.52.104"
2023/11/22 03:07:36 [error] 23#23: *1 "/usr/local/dist/index.html" is not found (2: No such file or directory), client: 89.213.179.18, server: _, request: "GET / HTTP/1.1", host: "59.110.52.104"
2023/11/22 03:07:36 [error] 23#23: *1 open() "/usr/local/dist/404.html" failed (2: No such file or directory), client: 89.213.179.18, server: _, request: "GET / HTTP/1.1", host: "59.110.52.104"
2023/11/22 03:07:40 [error] 23#23: *1 "/usr/local/dist/index.html" is not found (2: No such file or directory), client: 89.213.179.18, server: _, request: "GET / HTTP/1.1", host: "59.110.52.104"
2023/11/22 03:07:40 [error] 23#23: *1 open() "/usr/local/dist/404.html" failed (2: No such file or directory), client: 89.213.179.18, server: _, request: "GET / HTTP/1.1", host: "59.110.52.104"
2023/11/22 03:13:38 [error] 22#22: *2 "/usr/local/dist/index.html" is not found (2: No such file or directory), client: 89.213.179.18, server: _, request: "GET / HTTP/1.1", host: "59.110.52.104"
2023/11/22 03:13:38 [error] 22#22: *2 open() "/usr/local/dist/404.html" failed (2: No such file or directory), client: 89.213.179.18, server: _, request: "GET / HTTP/1.1", host: "59.110.52.104"
2023/11/22 03:13:41 [error] 22#22: *2 "/usr/local/dist/index.html" is not found (2: No such file or directory), client: 89.213.179.18, server: _, request: "GET / HTTP/1.1", host: "59.110.52.104"
2023/11/22 03:13:41 [error] 22#22: *2 open() "/usr/local/dist/404.html" failed (2: No such file or directory), client: 89.213.179.18, server: _, request: "GET / HTTP/1.1", host: "59.110.52.104"
2023/11/22 03:13:54 [error] 22#22: *2 "/usr/local/dist/index.html" is not found (2: No such file or directory), client: 89.213.179.18, server: _, request: "GET / HTTP/1.1", host: "59.110.52.104"
2023/11/22 03:13:54 [error] 22#22: *2 open() "/usr/local/dist/404.html" failed (2: No such file or directory), client: 89.213.179.18, server: _, request: "GET / HTTP/1.1", host: "59.110.52.104"
2023/11/22 03:13:54 [error] 22#22: *2 "/usr/local/dist/index.html" is not found (2: No such file or directory), client: 89.213.179.18, server: _, request: "GET / HTTP/1.1", host: "59.110.52.104"
2023/11/22 03:13:54 [error] 22#22: *2 open() "/usr/local/dist/404.html" failed (2: No such file or directory), client: 89.213.179.18, server: _, request: "GET / HTTP/1.1", host: "59.110.52.104"
2023/11/22 03:14:19 [error] 22#22: *1 connect() failed (111: Connection refused) while connecting to upstream, client: 89.213.179.18, server: _, request: "POST /api/post/page HTTP/1.1", upstream: "http://127.0.0.1:7070/post/page", host: "59.110.52.104", referrer: "http://59.110.52.104/"
2023/11/22 03:14:19 [error] 22#22: *1 connect() failed (111: Connection refused) while connecting to upstream, client: 89.213.179.18, server: _, request: "POST /api/post/page HTTP/1.1", upstream: "http://127.0.0.1:7070/post/page", host: "59.110.52.104", referrer: "http://59.110.52.104/"
2023/11/22 03:14:19 [error] 22#22: *1 open() "/usr/share/nginx/html/50x.html" failed (2: No such file or directory), client: 89.213.179.18, server: _, request: "POST /api/post/page HTTP/1.1", upstream: "http://127.0.0.1:7070/post/page", host: "59.110.52.104", referrer: "http://59.110.52.104/"
2023/11/22 03:14:19 [error] 23#23: *4 connect() failed (111: Connection refused) while connecting to upstream, client: 89.213.179.18, server: _, request: "GET /api/user/avatar HTTP/1.1", upstream: "http://127.0.0.1:7070/user/avatar", host: "59.110.52.104", referrer: "http://59.110.52.104/"
2023/11/22 03:14:19 [error] 23#23: *4 connect() failed (111: Connection refused) while connecting to upstream, client: 89.213.179.18, server: _, request: "GET /api/user/avatar HTTP/1.1", upstream: "http://127.0.0.1:7070/user/avatar", host: "59.110.52.104", referrer: "http://59.110.52.104/"
2023/11/22 03:14:19 [error] 23#23: *4 open() "/usr/share/nginx/html/50x.html" failed (2: No such file or directory), client: 89.213.179.18, server: _, request: "GET /api/user/avatar HTTP/1.1", upstream: "http://127.0.0.1:7070/user/avatar", host: "59.110.52.104", referrer: "http://59.110.52.104/"
2023/11/22 03:27:49 [error] 22#22: *8 connect() failed (111: Connection refused) while connecting to upstream, client: 154.3.39.157, server: _, request: "GET /api/user/avatar HTTP/1.1", upstream: "http://127.0.0.1:7070/user/avatar", host: "59.110.52.104", referrer: "http://59.110.52.104/"
2023/11/22 03:27:49 [error] 22#22: *8 connect() failed (111: Connection refused) while connecting to upstream, client: 154.3.39.157, server: _, request: "GET /api/user/avatar HTTP/1.1", upstream: "http://127.0.0.1:7070/user/avatar", host: "59.110.52.104", referrer: "http://59.110.52.104/"
2023/11/22 03:27:49 [error] 22#22: *8 open() "/usr/share/nginx/html/50x.html" failed (2: No such file or directory), client: 154.3.39.157, server: _, request: "GET /api/user/avatar HTTP/1.1", upstream: "http://127.0.0.1:7070/user/avatar", host: "59.110.52.104", referrer: "http://59.110.52.104/"
2023/11/22 03:27:49 [error] 22#22: *11 no live upstreams while connecting to upstream, client: 154.3.38.151, server: _, request: "POST /api/post/page HTTP/1.1", upstream: "http://localhost/post/page", host: "59.110.52.104", referrer: "http://59.110.52.104/"
2023/11/22 03:27:49 [error] 22#22: *11 open() "/usr/share/nginx/html/50x.html" failed (2: No such file or directory), client: 154.3.38.151, server: _, request: "POST /api/post/page HTTP/1.1", upstream: "http://localhost/post/page", host: "59.110.52.104", referrer: "http://59.110.52.104/"
2023/11/22 03:27:54 [error] 22#22: *8 no live upstreams while connecting to upstream, client: 154.3.39.157, server: _, request: "GET /api/user/avatar HTTP/1.1", upstream: "http://localhost/user/avatar", host: "59.110.52.104", referrer: "http://59.110.52.104/"
2023/11/22 03:27:54 [error] 22#22: *8 open() "/usr/share/nginx/html/50x.html" failed (2: No such file or directory), client: 154.3.39.157, server: _, request: "GET /api/user/avatar HTTP/1.1", upstream: "http://localhost/user/avatar", host: "59.110.52.104", referrer: "http://59.110.52.104/"
2023/11/22 03:27:55 [error] 22#22: *12 no live upstreams while connecting to upstream, client: 154.3.36.132, server: _, request: "POST /api/post/page HTTP/1.1", upstream: "http://localhost/post/page", host: "59.110.52.104", referrer: "http://59.110.52.104/"
2023/11/22 03:27:55 [error] 22#22: *12 open() "/usr/share/nginx/html/50x.html" failed (2: No such file or directory), client: 154.3.36.132, server: _, request: "POST /api/post/page HTTP/1.1", upstream: "http://localhost/post/page", host: "59.110.52.104", referrer: "http://59.110.52.104/"
2023/11/22 03:30:18 [error] 22#22: *13 connect() failed (111: Connection refused) while connecting to upstream, client: 154.3.37.138, server: _, request: "GET /api/user/avatar HTTP/1.1", upstream: "http://127.0.0.1:7070/user/avatar", host: "59.110.52.104", referrer: "http://59.110.52.104/"
2023/11/22 03:30:18 [error] 22#22: *13 connect() failed (111: Connection refused) while connecting to upstream, client: 154.3.37.138, server: _, request: "GET /api/user/avatar HTTP/1.1", upstream: "http://127.0.0.1:7070/user/avatar", host: "59.110.52.104", referrer: "http://59.110.52.104/"
2023/11/22 03:30:18 [error] 22#22: *13 open() "/usr/share/nginx/html/50x.html" failed (2: No such file or directory), client: 154.3.37.138, server: _, request: "GET /api/user/avatar HTTP/1.1", upstream: "http://127.0.0.1:7070/user/avatar", host: "59.110.52.104", referrer: "http://59.110.52.104/"
2023/11/22 03:30:19 [error] 22#22: *16 no live upstreams while connecting to upstream, client: 154.3.37.138, server: _, request: "POST /api/post/page HTTP/1.1", upstream: "http://localhost/post/page", host: "59.110.52.104", referrer: "http://59.110.52.104/"
2023/11/22 03:30:19 [error] 22#22: *16 open() "/usr/share/nginx/html/50x.html" failed (2: No such file or directory), client: 154.3.37.138, server: _, request: "POST /api/post/page HTTP/1.1", upstream: "http://localhost/post/page", host: "59.110.52.104", referrer: "http://59.110.52.104/"
2023/11/22 04:01:37 [error] 22#22: *22 open() "/usr/share/nginx/html/robots.txt" failed (2: No such file or directory), client: 8.41.221.60, server: _, request: "GET /robots.txt HTTP/1.1", host: "syuctacm.top"
2023/11/22 04:01:37 [error] 22#22: *22 open() "/usr/share/nginx/html/404.html" failed (2: No such file or directory), client: 8.41.221.60, server: _, request: "GET /robots.txt HTTP/1.1", host: "syuctacm.top"
2023/11/22 05:06:24 [error] 22#22: *43 "/usr/share/nginx/html/english/index.html" is not found (2: No such file or directory), client: 182.138.158.235, server: _, request: "GET http://www.rfa.org/english/ HTTP/1.1", host: "www.rfa.org"
2023/11/22 05:06:24 [error] 22#22: *43 open() "/usr/share/nginx/html/404.html" failed (2: No such file or directory), client: 182.138.158.235, server: _, request: "GET http://www.rfa.org/english/ HTTP/1.1", host: "www.rfa.org"
2023/11/22 05:34:46 [error] 22#22: *58 open() "/usr/share/nginx/html/wp-includes/wlwmanifest.xml" failed (2: No such file or directory), client: 185.81.157.220, server: _, request: "GET /wp-includes/wlwmanifest.xml HTTP/1.1", host: "syuctacm.top"
2023/11/22 05:34:46 [error] 22#22: *58 open() "/usr/share/nginx/html/404.html" failed (2: No such file or directory), client: 185.81.157.220, server: _, request: "GET /wp-includes/wlwmanifest.xml HTTP/1.1", host: "syuctacm.top"
2023/11/22 05:34:46 [error] 23#23: *59 open() "/usr/share/nginx/html/xmlrpc.php" failed (2: No such file or directory), client: 185.81.157.220, server: _, request: "GET /xmlrpc.php?rsd HTTP/1.1", host: "syuctacm.top"
2023/11/22 05:34:46 [error] 23#23: *59 open() "/usr/share/nginx/html/404.html" failed (2: No such file or directory), client: 185.81.157.220, server: _, request: "GET /xmlrpc.php?rsd HTTP/1.1", host: "syuctacm.top"
2023/11/22 05:34:47 [error] 23#23: *61 open() "/usr/share/nginx/html/blog/wp-includes/wlwmanifest.xml" failed (2: No such file or directory), client: 185.81.157.220, server: _, request: "GET /blog/wp-includes/wlwmanifest.xml HTTP/1.1", host: "syuctacm.top"
2023/11/22 05:34:47 [error] 23#23: *61 open() "/usr/share/nginx/html/404.html" failed (2: No such file or directory), client: 185.81.157.220, server: _, request: "GET /blog/wp-includes/wlwmanifest.xml HTTP/1.1", host: "syuctacm.top"
2023/11/22 05:34:48 [error] 23#23: *62 open() "/usr/share/nginx/html/web/wp-includes/wlwmanifest.xml" failed (2: No such file or directory), client: 185.81.157.220, server: _, request: "GET /web/wp-includes/wlwmanifest.xml HTTP/1.1", host: "syuctacm.top"
2023/11/22 05:34:48 [error] 23#23: *62 open() "/usr/share/nginx/html/404.html" failed (2: No such file or directory), client: 185.81.157.220, server: _, request: "GET /web/wp-includes/wlwmanifest.xml HTTP/1.1", host: "syuctacm.top"
2023/11/22 05:34:48 [error] 23#23: *63 open() "/usr/share/nginx/html/wordpress/wp-includes/wlwmanifest.xml" failed (2: No such file or directory), client: 185.81.157.220, server: _, request: "GET /wordpress/wp-includes/wlwmanifest.xml HTTP/1.1", host: "syuctacm.top"
2023/11/22 05:34:48 [error] 23#23: *63 open() "/usr/share/nginx/html/404.html" failed (2: No such file or directory), client: 185.81.157.220, server: _, request: "GET /wordpress/wp-includes/wlwmanifest.xml HTTP/1.1", host: "syuctacm.top"
2023/11/22 05:34:49 [error] 23#23: *64 open() "/usr/share/nginx/html/website/wp-includes/wlwmanifest.xml" failed (2: No such file or directory), client: 185.81.157.220, server: _, request: "GET /website/wp-includes/wlwmanifest.xml HTTP/1.1", host: "syuctacm.top"
2023/11/22 05:34:49 [error] 23#23: *64 open() "/usr/share/nginx/html/404.html" failed (2: No such file or directory), client: 185.81.157.220, server: _, request: "GET /website/wp-includes/wlwmanifest.xml HTTP/1.1", host: "syuctacm.top"
2023/11/22 05:34:49 [error] 23#23: *65 open() "/usr/share/nginx/html/wp/wp-includes/wlwmanifest.xml" failed (2: No such file or directory), client: 185.81.157.220, server: _, request: "GET /wp/wp-includes/wlwmanifest.xml HTTP/1.1", host: "syuctacm.top"
2023/11/22 05:34:49 [error] 23#23: *65 open() "/usr/share/nginx/html/404.html" failed (2: No such file or directory), client: 185.81.157.220, server: _, request: "GET /wp/wp-includes/wlwmanifest.xml HTTP/1.1", host: "syuctacm.top"
2023/11/22 05:34:50 [error] 23#23: *66 open() "/usr/share/nginx/html/news/wp-includes/wlwmanifest.xml" failed (2: No such file or directory), client: 185.81.157.220, server: _, request: "GET /news/wp-includes/wlwmanifest.xml HTTP/1.1", host: "syuctacm.top"
2023/11/22 05:34:50 [error] 23#23: *66 open() "/usr/share/nginx/html/404.html" failed (2: No such file or directory), client: 185.81.157.220, server: _, request: "GET /news/wp-includes/wlwmanifest.xml HTTP/1.1", host: "syuctacm.top"
2023/11/22 05:34:50 [error] 23#23: *67 open() "/usr/share/nginx/html/2020/wp-includes/wlwmanifest.xml" failed (2: No such file or directory), client: 185.81.157.220, server: _, request: "GET /2020/wp-includes/wlwmanifest.xml HTTP/1.1", host: "syuctacm.top"
2023/11/22 05:34:50 [error] 23#23: *67 open() "/usr/share/nginx/html/404.html" failed (2: No such file or directory), client: 185.81.157.220, server: _, request: "GET /2020/wp-includes/wlwmanifest.xml HTTP/1.1", host: "syuctacm.top"
2023/11/22 05:34:51 [error] 23#23: *68 open() "/usr/share/nginx/html/2019/wp-includes/wlwmanifest.xml" failed (2: No such file or directory), client: 185.81.157.220, server: _, request: "GET /2019/wp-includes/wlwmanifest.xml HTTP/1.1", host: "syuctacm.top"
2023/11/22 05:34:51 [error] 23#23: *68 open() "/usr/share/nginx/html/404.html" failed (2: No such file or directory), client: 185.81.157.220, server: _, request: "GET /2019/wp-includes/wlwmanifest.xml HTTP/1.1", host: "syuctacm.top"
2023/11/22 05:34:51 [error] 23#23: *69 open() "/usr/share/nginx/html/shop/wp-includes/wlwmanifest.xml" failed (2: No such file or directory), client: 185.81.157.220, server: _, request: "GET /shop/wp-includes/wlwmanifest.xml HTTP/1.1", host: "syuctacm.top"
2023/11/22 05:34:51 [error] 23#23: *69 open() "/usr/share/nginx/html/404.html" failed (2: No such file or directory), client: 185.81.157.220, server: _, request: "GET /shop/wp-includes/wlwmanifest.xml HTTP/1.1", host: "syuctacm.top"
2023/11/22 05:34:51 [error] 23#23: *70 open() "/usr/share/nginx/html/wp1/wp-includes/wlwmanifest.xml" failed (2: No such file or directory), client: 185.81.157.220, server: _, request: "GET /wp1/wp-includes/wlwmanifest.xml HTTP/1.1", host: "syuctacm.top"
2023/11/22 05:34:51 [error] 23#23: *70 open() "/usr/share/nginx/html/404.html" failed (2: No such file or directory), client: 185.81.157.220, server: _, request: "GET /wp1/wp-includes/wlwmanifest.xml HTTP/1.1", host: "syuctacm.top"
2023/11/22 05:34:52 [error] 23#23: *71 open() "/usr/share/nginx/html/test/wp-includes/wlwmanifest.xml" failed (2: No such file or directory), client: 185.81.157.220, server: _, request: "GET /test/wp-includes/wlwmanifest.xml HTTP/1.1", host: "syuctacm.top"
2023/11/22 05:34:52 [error] 23#23: *71 open() "/usr/share/nginx/html/404.html" failed (2: No such file or directory), client: 185.81.157.220, server: _, request: "GET /test/wp-includes/wlwmanifest.xml HTTP/1.1", host: "syuctacm.top"
2023/11/22 05:34:52 [error] 23#23: *72 open() "/usr/share/nginx/html/wp2/wp-includes/wlwmanifest.xml" failed (2: No such file or directory), client: 185.81.157.220, server: _, request: "GET /wp2/wp-includes/wlwmanifest.xml HTTP/1.1", host: "syuctacm.top"
2023/11/22 05:34:52 [error] 23#23: *72 open() "/usr/share/nginx/html/404.html" failed (2: No such file or directory), client: 185.81.157.220, server: _, request: "GET /wp2/wp-includes/wlwmanifest.xml HTTP/1.1", host: "syuctacm.top"
2023/11/22 05:34:54 [error] 23#23: *74 open() "/usr/share/nginx/html/cms/wp-includes/wlwmanifest.xml" failed (2: No such file or directory), client: 185.81.157.220, server: _, request: "GET /cms/wp-includes/wlwmanifest.xml HTTP/1.1", host: "syuctacm.top"
2023/11/22 05:34:54 [error] 23#23: *74 open() "/usr/share/nginx/html/404.html" failed (2: No such file or directory), client: 185.81.157.220, server: _, request: "GET /cms/wp-includes/wlwmanifest.xml HTTP/1.1", host: "syuctacm.top"
2023/11/22 05:44:37 [error] 22#22: *76 open() "/usr/share/nginx/html/wp-includes/wlwmanifest.xml" failed (2: No such file or directory), client: 167.172.92.241, server: _, request: "GET /wp-includes/wlwmanifest.xml HTTP/1.1", host: "syuctacm.top"
2023/11/22 05:44:37 [error] 22#22: *76 open() "/usr/share/nginx/html/404.html" failed (2: No such file or directory), client: 167.172.92.241, server: _, request: "GET /wp-includes/wlwmanifest.xml HTTP/1.1", host: "syuctacm.top"
2023/11/22 05:44:39 [error] 22#22: *77 open() "/usr/share/nginx/html/administrator/index.php" failed (2: No such file or directory), client: 167.172.92.241, server: _, request: "GET /administrator/index.php HTTP/1.1", host: "syuctacm.top"
2023/11/22 05:44:39 [error] 22#22: *77 open() "/usr/share/nginx/html/404.html" failed (2: No such file or directory), client: 167.172.92.241, server: _, request: "GET /administrator/index.php HTTP/1.1", host: "syuctacm.top"
2023/11/22 05:44:41 [error] 22#22: *78 open() "/usr/share/nginx/html/view-source:" failed (2: No such file or directory), client: 167.172.92.241, server: _, request: "GET /view-source: HTTP/1.1", host: "syuctacm.top"
2023/11/22 05:44:41 [error] 22#22: *78 open() "/usr/share/nginx/html/404.html" failed (2: No such file or directory), client: 167.172.92.241, server: _, request: "GET /view-source: HTTP/1.1", host: "syuctacm.top"
2023/11/22 06:35:37 [error] 22#22: *90 open() "/usr/share/nginx/html/cf_scripts/scripts/ajax/ckeditor/ckeditor.js" failed (2: No such file or directory), client: 185.180.140.6, server: _, request: "GET /cf_scripts/scripts/ajax/ckeditor/ckeditor.js HTTP/1.1", host: "59.110.52.104"
2023/11/22 06:35:37 [error] 22#22: *90 open() "/usr/share/nginx/html/404.html" failed (2: No such file or directory), client: 185.180.140.6, server: _, request: "GET /cf_scripts/scripts/ajax/ckeditor/ckeditor.js HTTP/1.1", host: "59.110.52.104"
2023/11/22 06:36:40 [error] 23#23: *91 open() "/usr/share/nginx/html/robots.txt" failed (2: No such file or directory), client: 144.76.67.250, server: _, request: "GET /robots.txt HTTP/1.1", host: "syuctacm.top"
2023/11/22 06:36:40 [error] 23#23: *91 open() "/usr/share/nginx/html/404.html" failed (2: No such file or directory), client: 144.76.67.250, server: _, request: "GET /robots.txt HTTP/1.1", host: "syuctacm.top"
2023/11/22 06:46:01 [error] 23#23: *95 open() "/usr/share/nginx/html/manager/text/list" failed (2: No such file or directory), client: 107.170.229.45, server: _, request: "GET /manager/text/list HTTP/1.1", host: "59.110.52.104"
2023/11/22 06:46:01 [error] 23#23: *95 open() "/usr/share/nginx/html/404.html" failed (2: No such file or directory), client: 107.170.229.45, server: _, request: "GET /manager/text/list HTTP/1.1", host: "59.110.52.104"
2023/11/22 07:32:22 [emerg] 1#1: host not found in upstream "forum" in /etc/nginx/nginx.conf:58
2023/11/22 08:09:12 [error] 22#22: *69 connect() failed (113: No route to host) while connecting to upstream, client: 154.3.39.157, server: _, request: "GET /api/user/avatar HTTP/1.1", upstream: "http://172.18.0.5:7070/user/avatar", host: "59.110.52.104", referrer: "http://59.110.52.104/"
2023/11/22 08:09:12 [error] 23#23: *68 connect() failed (113: No route to host) while connecting to upstream, client: 154.3.37.138, server: _, request: "GET /api/message/unread HTTP/1.1", upstream: "http://172.18.0.5:7070/message/unread", host: "59.110.52.104", referrer: "http://59.110.52.104/"
2023/11/22 08:09:12 [error] 22#22: *69 open() "/usr/share/nginx/html/50x.html" failed (2: No such file or directory), client: 154.3.39.157, server: _, request: "GET /api/user/avatar HTTP/1.1", upstream: "http://172.18.0.5:7070/user/avatar", host: "59.110.52.104", referrer: "http://59.110.52.104/"
2023/11/22 08:09:12 [error] 23#23: *68 open() "/usr/share/nginx/html/50x.html" failed (2: No such file or directory), client: 154.3.37.138, server: _, request: "GET /api/message/unread HTTP/1.1", upstream: "http://172.18.0.5:7070/message/unread", host: "59.110.52.104", referrer: "http://59.110.52.104/"
2023/11/22 08:09:12 [error] 22#22: *72 connect() failed (113: No route to host) while connecting to upstream, client: 154.3.38.151, server: _, request: "POST /api/post/page HTTP/1.1", upstream: "http://172.18.0.5:7070/post/page", host: "59.110.52.104", referrer: "http://59.110.52.104/"
2023/11/22 08:09:12 [error] 22#22: *72 open() "/usr/share/nginx/html/50x.html" failed (2: No such file or directory), client: 154.3.38.151, server: _, request: "POST /api/post/page HTTP/1.1", upstream: "http://172.18.0.5:7070/post/page", host: "59.110.52.104", referrer: "http://59.110.52.104/"
2023/11/22 08:09:19 [error] 23#23: *64 connect() failed (113: No route to host) while connecting to upstream, client: 154.3.36.132, server: _, request: "GET /api/user/avatar HTTP/1.1", upstream: "http://172.18.0.5:7070/user/avatar", host: "59.110.52.104", referrer: "http://59.110.52.104/"
2023/11/22 08:09:19 [error] 23#23: *64 open() "/usr/share/nginx/html/50x.html" failed (2: No such file or directory), client: 154.3.36.132, server: _, request: "GET /api/user/avatar HTTP/1.1", upstream: "http://172.18.0.5:7070/user/avatar", host: "59.110.52.104", referrer: "http://59.110.52.104/"
2023/11/22 08:09:19 [error] 23#23: *66 connect() failed (113: No route to host) while connecting to upstream, client: 154.3.37.138, server: _, request: "POST /api/post/page HTTP/1.1", upstream: "http://172.18.0.5:7070/post/page", host: "59.110.52.104", referrer: "http://59.110.52.104/"
2023/11/22 08:09:19 [error] 23#23: *66 open() "/usr/share/nginx/html/50x.html" failed (2: No such file or directory), client: 154.3.37.138, server: _, request: "POST /api/post/page HTTP/1.1", upstream: "http://172.18.0.5:7070/post/page", host: "59.110.52.104", referrer: "http://59.110.52.104/"
2023/11/22 08:09:19 [error] 23#23: *62 connect() failed (113: No route to host) while connecting to upstream, client: 154.3.37.138, server: _, request: "GET /api/message/unread HTTP/1.1", upstream: "http://172.18.0.5:7070/message/unread", host: "59.110.52.104", referrer: "http://59.110.52.104/"
2023/11/22 08:09:19 [error] 23#23: *62 open() "/usr/share/nginx/html/50x.html" failed (2: No such file or directory), client: 154.3.37.138, server: _, request: "GET /api/message/unread HTTP/1.1", upstream: "http://172.18.0.5:7070/message/unread", host: "59.110.52.104", referrer: "http://59.110.52.104/"
2023/11/22 08:09:53 [error] 22#22: *69 connect() failed (113: No route to host) while connecting to upstream, client: 154.3.39.157, server: _, request: "GET /api/user/avatar HTTP/1.1", upstream: "http://172.18.0.5:7070/user/avatar", host: "59.110.52.104", referrer: "http://59.110.52.104/"
2023/11/22 08:09:53 [error] 23#23: *68 connect() failed (113: No route to host) while connecting to upstream, client: 154.3.37.138, server: _, request: "GET /api/message/unread HTTP/1.1", upstream: "http://172.18.0.5:7070/message/unread", host: "59.110.52.104", referrer: "http://59.110.52.104/"
2023/11/22 08:09:53 [error] 22#22: *69 open() "/usr/share/nginx/html/50x.html" failed (2: No such file or directory), client: 154.3.39.157, server: _, request: "GET /api/user/avatar HTTP/1.1", upstream: "http://172.18.0.5:7070/user/avatar", host: "59.110.52.104", referrer: "http://59.110.52.104/"
2023/11/22 08:09:53 [error] 23#23: *68 open() "/usr/share/nginx/html/50x.html" failed (2: No such file or directory), client: 154.3.37.138, server: _, request: "GET /api/message/unread HTTP/1.1", upstream: "http://172.18.0.5:7070/message/unread", host: "59.110.52.104", referrer: "http://59.110.52.104/"
2023/11/22 08:09:53 [error] 22#22: *72 connect() failed (113: No route to host) while connecting to upstream, client: 154.3.38.151, server: _, request: "POST /api/post/page HTTP/1.1", upstream: "http://172.18.0.5:7070/post/page", host: "59.110.52.104", referrer: "http://59.110.52.104/"
2023/11/22 08:09:53 [error] 22#22: *72 open() "/usr/share/nginx/html/50x.html" failed (2: No such file or directory), client: 154.3.38.151, server: _, request: "POST /api/post/page HTTP/1.1", upstream: "http://172.18.0.5:7070/post/page", host: "59.110.52.104", referrer: "http://59.110.52.104/"
2023/11/22 08:10:04 [error] 23#23: *68 connect() failed (113: No route to host) while connecting to upstream, client: 154.3.37.138, server: _, request: "POST /api/message/MyLike HTTP/1.1", upstream: "http://172.18.0.5:7070/message/MyLike", host: "59.110.52.104", referrer: "http://59.110.52.104/"
2023/11/22 08:10:04 [error] 23#23: *68 open() "/usr/share/nginx/html/50x.html" failed (2: No such file or directory), client: 154.3.37.138, server: _, request: "POST /api/message/MyLike HTTP/1.1", upstream: "http://172.18.0.5:7070/message/MyLike", host: "59.110.52.104", referrer: "http://59.110.52.104/"
2023/11/22 08:10:04 [error] 22#22: *69 connect() failed (113: No route to host) while connecting to upstream, client: 154.3.39.157, server: _, request: "POST /api/post/page HTTP/1.1", upstream: "http://172.18.0.5:7070/post/page", host: "59.110.52.104", referrer: "http://59.110.52.104/"
2023/11/22 08:10:04 [error] 22#22: *69 open() "/usr/share/nginx/html/50x.html" failed (2: No such file or directory), client: 154.3.39.157, server: _, request: "POST /api/post/page HTTP/1.1", upstream: "http://172.18.0.5:7070/post/page", host: "59.110.52.104", referrer: "http://59.110.52.104/"
2023/11/22 08:10:07 [error] 23#23: *68 connect() failed (113: No route to host) while connecting to upstream, client: 154.3.37.138, server: _, request: "GET /api/user/avatar HTTP/1.1", upstream: "http://172.18.0.5:7070/user/avatar", host: "59.110.52.104", referrer: "http://59.110.52.104/"
2023/11/22 08:10:07 [error] 22#22: *69 connect() failed (113: No route to host) while connecting to upstream, client: 154.3.39.157, server: _, request: "POST /api/post/page HTTP/1.1", upstream: "http://172.18.0.5:7070/post/page", host: "59.110.52.104", referrer: "http://59.110.52.104/"
2023/11/22 08:10:07 [error] 23#23: *68 open() "/usr/share/nginx/html/50x.html" failed (2: No such file or directory), client: 154.3.37.138, server: _, request: "GET /api/user/avatar HTTP/1.1", upstream: "http://172.18.0.5:7070/user/avatar", host: "59.110.52.104", referrer: "http://59.110.52.104/"
2023/11/22 08:10:07 [error] 22#22: *69 open() "/usr/share/nginx/html/50x.html" failed (2: No such file or directory), client: 154.3.39.157, server: _, request: "POST /api/post/page HTTP/1.1", upstream: "http://172.18.0.5:7070/post/page", host: "59.110.52.104", referrer: "http://59.110.52.104/"
2023/11/22 08:10:22 [error] 23#23: *68 connect() failed (113: No route to host) while connecting to upstream, client: 154.3.37.138, server: _, request: "POST /api/user/code HTTP/1.1", upstream: "http://172.18.0.5:7070/user/code", host: "59.110.52.104", referrer: "http://59.110.52.104/"
2023/11/22 08:10:22 [error] 23#23: *68 open() "/usr/share/nginx/html/50x.html" failed (2: No such file or directory), client: 154.3.37.138, server: _, request: "POST /api/user/code HTTP/1.1", upstream: "http://172.18.0.5:7070/user/code", host: "59.110.52.104", referrer: "http://59.110.52.104/"
2023/11/22 08:13:34 [error] 22#22: *82 connect() failed (113: No route to host) while connecting to upstream, client: 154.3.37.138, server: _, request: "GET /api/user/avatar HTTP/1.1", upstream: "http://172.18.0.5:7070/user/avatar", host: "59.110.52.104", referrer: "http://59.110.52.104/"
2023/11/22 08:13:34 [error] 22#22: *82 open() "/usr/share/nginx/html/50x.html" failed (2: No such file or directory), client: 154.3.37.138, server: _, request: "GET /api/user/avatar HTTP/1.1", upstream: "http://172.18.0.5:7070/user/avatar", host: "59.110.52.104", referrer: "http://59.110.52.104/"
2023/11/22 08:13:34 [error] 22#22: *84 connect() failed (113: No route to host) while connecting to upstream, client: 154.3.39.157, server: _, request: "POST /api/post/page HTTP/1.1", upstream: "http://172.18.0.5:7070/post/page", host: "59.110.52.104", referrer: "http://59.110.52.104/"
2023/11/22 08:13:34 [error] 22#22: *84 open() "/usr/share/nginx/html/50x.html" failed (2: No such file or directory), client: 154.3.39.157, server: _, request: "POST /api/post/page HTTP/1.1", upstream: "http://172.18.0.5:7070/post/page", host: "59.110.52.104", referrer: "http://59.110.52.104/"
2023/11/22 08:13:51 [error] 22#22: *87 connect() failed (113: No route to host) while connecting to upstream, client: 61.161.143.124, server: _, request: "GET /api/user/avatar HTTP/1.1", upstream: "http://172.18.0.5:7070/user/avatar", host: "59.110.52.104", referrer: "http://59.110.52.104/"
2023/11/22 08:13:51 [error] 22#22: *87 open() "/usr/share/nginx/html/50x.html" failed (2: No such file or directory), client: 61.161.143.124, server: _, request: "GET /api/user/avatar HTTP/1.1", upstream: "http://172.18.0.5:7070/user/avatar", host: "59.110.52.104", referrer: "http://59.110.52.104/"
2023/11/22 08:13:51 [error] 22#22: *86 connect() failed (113: No route to host) while connecting to upstream, client: 61.161.143.124, server: _, request: "POST /api/post/page HTTP/1.1", upstream: "http://172.18.0.5:7070/post/page", host: "59.110.52.104", referrer: "http://59.110.52.104/"
2023/11/22 08:13:51 [error] 22#22: *86 open() "/usr/share/nginx/html/50x.html" failed (2: No such file or directory), client: 61.161.143.124, server: _, request: "POST /api/post/page HTTP/1.1", upstream: "http://172.18.0.5:7070/post/page", host: "59.110.52.104", referrer: "http://59.110.52.104/"
2023/11/22 08:24:33 [error] 23#23: *26 "/usr/share/nginx/html/webui/index.html" is not found (2: No such file or directory), client: 64.62.197.193, server: _, request: "GET /webui/ HTTP/1.1", host: "59.110.52.104"
2023/11/22 08:24:33 [error] 23#23: *26 open() "/usr/share/nginx/html/404.html" failed (2: No such file or directory), client: 64.62.197.193, server: _, request: "GET /webui/ HTTP/1.1", host: "59.110.52.104"
2023/11/22 08:26:16 [error] 23#23: *59 "/usr/share/nginx/html/geoserver/web/index.html" is not found (2: No such file or directory), client: 64.62.197.192, server: _, request: "GET /geoserver/web/ HTTP/1.1", host: "59.110.52.104"
2023/11/22 08:26:16 [error] 23#23: *59 open() "/usr/share/nginx/html/404.html" failed (2: No such file or directory), client: 64.62.197.192, server: _, request: "GET /geoserver/web/ HTTP/1.1", host: "59.110.52.104"
2023/11/22 08:41:06 [error] 23#23: *64 open() "/usr/share/nginx/html/gui" failed (2: No such file or directory), client: 107.173.202.167, server: _, request: "GET /gui HTTP/1.1", host: "59.110.52.104"
2023/11/22 08:41:06 [error] 23#23: *64 open() "/usr/share/nginx/html/404.html" failed (2: No such file or directory), client: 107.173.202.167, server: _, request: "GET /gui HTTP/1.1", host: "59.110.52.104"
2023/11/22 10:01:54 [emerg] 1#1: host not found in upstream "forum" in /etc/nginx/nginx.conf:58
2023/11/22 10:01:55 [emerg] 1#1: host not found in upstream "forum" in /etc/nginx/nginx.conf:58
2023/11/22 10:01:57 [emerg] 1#1: host not found in upstream "forum" in /etc/nginx/nginx.conf:58
2023/11/22 10:01:58 [emerg] 1#1: host not found in upstream "forum" in /etc/nginx/nginx.conf:58
2023/11/22 10:01:59 [emerg] 1#1: host not found in upstream "forum" in /etc/nginx/nginx.conf:58
2023/11/22 10:02:01 [emerg] 1#1: host not found in upstream "forum" in /etc/nginx/nginx.conf:58
2023/11/22 10:02:05 [emerg] 1#1: host not found in upstream "forum" in /etc/nginx/nginx.conf:58
2023/11/22 10:02:12 [emerg] 1#1: host not found in upstream "forum" in /etc/nginx/nginx.conf:58
2023/11/22 10:02:26 [emerg] 1#1: host not found in upstream "forum" in /etc/nginx/nginx.conf:58
2023/11/22 10:02:52 [emerg] 1#1: host not found in upstream "forum" in /etc/nginx/nginx.conf:58
2023/11/22 10:26:41 [emerg] 1#1: host not found in upstream "forum" in /etc/nginx/nginx.conf:58
2023/11/22 10:36:16 [emerg] 1#1: host not found in upstream "forum" in /etc/nginx/nginx.conf:58
2023/11/22 10:44:34 [emerg] 1#1: host not found in upstream "forum" in /etc/nginx/nginx.conf:58
